2025-04-20 13:45:34.814 [main] INFO  Managers.ConnectionManager - ConnectionManager initialized on port 1234
2025-04-20 13:45:34.823 [main] INFO  Managers.ConnectionManager - Starting TCP server...
2025-04-20 13:46:33.434 [main] INFO  Managers.ConnectionManager - Client connected: /127.0.0.1:62906
2025-04-20 13:46:38.053 [main] DEBUG Managers.ConnectionManager - Received command: 204
2025-04-20 13:46:38.054 [main] DEBUG Managers.ConnectionManager - Deserializing command from byte array (length: 204)
2025-04-20 13:46:38.068 [main] DEBUG Managers.ConnectionManager - Deserialized command: Command.CommandWithArgs@5d43661b
2025-04-20 13:46:38.069 [main] DEBUG Managers.ConnectionManager - Serializing object of type: Utility.ExecutionResponse
2025-04-20 13:46:38.077 [main] DEBUG Managers.ConnectionManager - Sent object
2025-04-20 13:46:38.077 [main] INFO  Managers.ConnectionManager - Starting TCP server...
2025-04-20 13:48:10.743 [main] INFO  Managers.ConnectionManager - ConnectionManager initialized on port 1234
2025-04-20 13:48:10.744 [main] INFO  Managers.ConnectionManager - Starting TCP server...
2025-04-20 13:48:22.661 [main] INFO  Managers.ConnectionManager - Client connected: /127.0.0.1:62972
2025-04-20 13:48:27.268 [main] DEBUG Managers.ConnectionManager - Received command: 204
2025-04-20 13:48:27.268 [main] DEBUG Managers.ConnectionManager - Deserializing command from byte array (length: 204)
2025-04-20 13:48:27.283 [main] DEBUG Managers.ConnectionManager - Deserialized command: Command.CommandWithArgs@1df8b5b8
2025-04-20 13:48:27.285 [main] DEBUG Managers.ConnectionManager - Serializing object of type: Utility.ExecutionResponse
2025-04-20 13:48:27.287 [main] DEBUG Managers.ConnectionManager - Sent object
2025-04-20 13:48:27.287 [main] INFO  Managers.ConnectionManager - Starting TCP server...
2025-04-20 13:49:01.635 [main] INFO  Managers.ConnectionManager - Client connected: /127.0.0.1:62980
2025-04-20 13:49:06.171 [main] DEBUG Managers.ConnectionManager - Received command: 204
2025-04-20 13:49:06.171 [main] DEBUG Managers.ConnectionManager - Deserializing command from byte array (length: 204)
2025-04-20 13:49:06.172 [main] DEBUG Managers.ConnectionManager - Deserialized command: Command.CommandWithArgs@6ea2bc93
2025-04-20 13:49:06.172 [main] DEBUG Managers.ConnectionManager - Serializing object of type: Utility.ExecutionResponse
2025-04-20 13:49:06.172 [main] DEBUG Managers.ConnectionManager - Sent object
2025-04-20 13:49:06.172 [main] INFO  Managers.ConnectionManager - Starting TCP server...
2025-04-20 13:50:42.655 [main] INFO  Managers.ConnectionManager - Client connected: /127.0.0.1:62999
2025-04-20 13:50:46.857 [main] DEBUG Managers.ConnectionManager - Received command: 204
2025-04-20 13:50:46.857 [main] DEBUG Managers.ConnectionManager - Deserializing command from byte array (length: 204)
2025-04-20 13:50:46.857 [main] DEBUG Managers.ConnectionManager - Deserialized command: Command.CommandWithArgs@352ff4da
2025-04-20 13:50:46.858 [main] DEBUG Managers.ConnectionManager - Serializing object of type: Utility.ExecutionResponse
2025-04-20 13:50:46.858 [main] DEBUG Managers.ConnectionManager - Sent object
2025-04-20 13:50:46.858 [main] INFO  Managers.ConnectionManager - Starting TCP server...
2025-04-20 13:51:39.324 [main] INFO  Managers.ConnectionManager - Client connected: /127.0.0.1:63010
2025-04-20 13:51:43.576 [main] DEBUG Managers.ConnectionManager - Received command: 204
2025-04-20 13:51:43.577 [main] DEBUG Managers.ConnectionManager - Deserializing command from byte array (length: 204)
2025-04-20 13:51:43.577 [main] DEBUG Managers.ConnectionManager - Deserialized command: Command.CommandWithArgs@3e44f2a5
2025-04-20 13:51:43.577 [main] DEBUG Managers.ConnectionManager - Serializing object of type: Utility.ExecutionResponse
2025-04-20 13:51:43.577 [main] DEBUG Managers.ConnectionManager - Sent object
2025-04-20 13:51:43.577 [main] INFO  Managers.ConnectionManager - Starting TCP server...
2025-04-20 13:54:17.053 [main] INFO  Managers.ConnectionManager - ConnectionManager initialized on port 1234
2025-04-20 13:54:17.055 [main] INFO  Managers.ConnectionManager - Starting TCP server...
2025-04-20 13:54:17.339 [main] INFO  Managers.ConnectionManager - Client connected: /127.0.0.1:63467
2025-04-20 13:54:23.659 [main] DEBUG Managers.ConnectionManager - Received command: 204
2025-04-20 13:54:23.659 [main] DEBUG Managers.ConnectionManager - Deserializing command from byte array (length: 204)
2025-04-20 13:54:23.674 [main] DEBUG Managers.ConnectionManager - Deserialized command: Command.CommandWithArgs@1df8b5b8
2025-04-20 13:54:23.675 [main] DEBUG Managers.ConnectionManager - Serializing object of type: Utility.ExecutionResponse
2025-04-20 13:54:23.677 [main] DEBUG Managers.ConnectionManager - Sent object
2025-04-20 13:54:23.677 [main] INFO  Managers.ConnectionManager - Starting TCP server...
2025-04-20 13:55:49.855 [main] INFO  Managers.ConnectionManager - ConnectionManager initialized on port 1234
2025-04-20 13:55:49.857 [main] INFO  Managers.ConnectionManager - Starting TCP server...
2025-04-20 13:55:56.781 [main] INFO  Managers.ConnectionManager - Client connected: /127.0.0.1:63511
2025-04-20 13:56:01.679 [main] DEBUG Managers.ConnectionManager - Received command: 204
2025-04-20 13:56:01.679 [main] DEBUG Managers.ConnectionManager - Deserializing command from byte array (length: 204)
2025-04-20 13:56:01.695 [main] DEBUG Managers.ConnectionManager - Deserialized command: Command.CommandWithArgs@1df8b5b8
2025-04-20 13:56:01.696 [main] DEBUG Managers.ConnectionManager - Serializing object of type: Utility.ExecutionResponse
2025-04-20 13:56:01.698 [main] DEBUG Managers.ConnectionManager - Sent object
2025-04-20 13:56:01.698 [main] INFO  Managers.ConnectionManager - Starting TCP server...
2025-04-20 13:58:29.110 [main] INFO  Managers.ConnectionManager - ConnectionManager initialized on port 1234
2025-04-20 13:58:29.112 [main] INFO  Managers.ConnectionManager - Starting TCP server...
2025-04-20 13:58:52.884 [main] INFO  Managers.ConnectionManager - Client connected: /127.0.0.1:63630
2025-04-20 13:58:57.333 [main] DEBUG Managers.ConnectionManager - Received command: 204
2025-04-20 13:58:57.334 [main] DEBUG Managers.ConnectionManager - Deserializing command from byte array (length: 204)
2025-04-20 13:58:57.349 [main] DEBUG Managers.ConnectionManager - Deserialized command: Command.CommandWithArgs@1df8b5b8
2025-04-20 13:58:57.350 [main] DEBUG Managers.ConnectionManager - Serializing object of type: Utility.ExecutionResponse
2025-04-20 13:58:57.352 [main] DEBUG Managers.ConnectionManager - Sent object
2025-04-20 13:58:57.352 [main] INFO  Managers.ConnectionManager - Starting TCP server...
2025-04-20 13:59:29.546 [main] INFO  Managers.ConnectionManager - Client connected: /127.0.0.1:63680
2025-04-20 13:59:33.801 [main] DEBUG Managers.ConnectionManager - Received command: 204
2025-04-20 13:59:33.801 [main] DEBUG Managers.ConnectionManager - Deserializing command from byte array (length: 204)
2025-04-20 13:59:33.801 [main] DEBUG Managers.ConnectionManager - Deserialized command: Command.CommandWithArgs@6ea2bc93
2025-04-20 13:59:33.801 [main] DEBUG Managers.ConnectionManager - Serializing object of type: Utility.ExecutionResponse
2025-04-20 13:59:33.803 [main] DEBUG Managers.ConnectionManager - Sent object
2025-04-20 13:59:33.803 [main] INFO  Managers.ConnectionManager - Starting TCP server...
2025-04-20 14:00:23.261 [main] INFO  Managers.ConnectionManager - ConnectionManager initialized on port 1234
2025-04-20 14:00:23.263 [main] INFO  Managers.ConnectionManager - Starting TCP server...
2025-04-20 14:00:26.881 [main] INFO  Managers.ConnectionManager - Client connected: /127.0.0.1:63701
2025-04-20 14:00:31.082 [main] DEBUG Managers.ConnectionManager - Received command: 204
2025-04-20 14:00:31.082 [main] DEBUG Managers.ConnectionManager - Deserializing command from byte array (length: 204)
2025-04-20 14:00:31.097 [main] DEBUG Managers.ConnectionManager - Deserialized command: Command.CommandWithArgs@1df8b5b8
2025-04-20 14:00:31.098 [main] DEBUG Managers.ConnectionManager - Serializing object of type: Utility.ExecutionResponse
2025-04-20 14:00:31.100 [main] DEBUG Managers.ConnectionManager - Sent object
2025-04-20 14:00:31.100 [main] INFO  Managers.ConnectionManager - Starting TCP server...
2025-04-20 14:08:14.071 [main] INFO  Managers.ConnectionManager - ConnectionManager initialized on port 1234
2025-04-20 14:08:14.073 [main] INFO  Managers.ConnectionManager - Starting TCP server...
2025-04-20 14:08:24.584 [main] INFO  Managers.ConnectionManager - Client connected: /127.0.0.1:56966
2025-04-20 14:08:28.918 [main] DEBUG Managers.ConnectionManager - Received command: 204
2025-04-20 14:08:28.919 [main] DEBUG Managers.ConnectionManager - Deserializing command from byte array (length: 204)
2025-04-20 14:08:28.934 [main] DEBUG Managers.ConnectionManager - Deserialized command: Command.CommandWithArgs@1df8b5b8
2025-04-20 14:08:28.935 [main] DEBUG Managers.ConnectionManager - Serializing object of type: Utility.ExecutionResponse
2025-04-20 14:08:28.937 [main] DEBUG Managers.ConnectionManager - Sent object
2025-04-20 14:08:28.937 [main] INFO  Managers.ConnectionManager - Starting TCP server...
2025-04-20 14:09:00.378 [main] INFO  Managers.ConnectionManager - ConnectionManager initialized on port 1234
2025-04-20 14:09:00.380 [main] INFO  Managers.ConnectionManager - Starting TCP server...
2025-04-20 14:09:06.770 [main] INFO  Managers.ConnectionManager - Client connected: /127.0.0.1:57000
2025-04-20 14:09:12.765 [main] DEBUG Managers.ConnectionManager - Received command: 204
2025-04-20 14:09:12.766 [main] DEBUG Managers.ConnectionManager - Deserializing command from byte array (length: 204)
2025-04-20 14:09:12.781 [main] DEBUG Managers.ConnectionManager - Deserialized command: Command.CommandWithArgs@2e570ded
2025-04-20 14:09:12.782 [main] DEBUG Managers.ConnectionManager - Serializing object of type: Utility.ExecutionResponse
2025-04-20 14:09:12.784 [main] DEBUG Managers.ConnectionManager - Sent object
2025-04-20 14:09:12.784 [main] INFO  Managers.ConnectionManager - Starting TCP server...
2025-04-20 14:40:23.498 [main] INFO  Managers.ConnectionManager - ConnectionManager initialized on port 1234
2025-04-20 14:40:23.499 [main] INFO  Managers.ConnectionManager - Starting TCP server...
2025-04-20 14:40:36.928 [main] INFO  Managers.ConnectionManager - Client connected: /127.0.0.1:58629
2025-04-20 14:40:41.636 [main] DEBUG Managers.ConnectionManager - Received command: 204
2025-04-20 14:40:41.636 [main] DEBUG Managers.ConnectionManager - Deserializing command from byte array (length: 204)
2025-04-20 14:40:41.652 [main] DEBUG Managers.ConnectionManager - Deserialized command: Command.CommandWithArgs@2e570ded
2025-04-20 14:40:41.653 [main] DEBUG Managers.ConnectionManager - Serializing object of type: Utility.ExecutionResponse
2025-04-20 14:40:41.655 [main] DEBUG Managers.ConnectionManager - Sent object
2025-04-20 14:40:41.655 [main] INFO  Managers.ConnectionManager - Starting TCP server...
2025-04-20 14:48:47.307 [main] INFO  Managers.ConnectionManager - ConnectionManager initialized on port 1234
2025-04-20 14:48:47.309 [main] INFO  Managers.ConnectionManager - Starting TCP server...
2025-04-20 14:48:56.219 [main] INFO  Managers.ConnectionManager - Client connected: /127.0.0.1:65496
2025-04-20 14:49:10.162 [main] DEBUG Managers.ConnectionManager - Received command: 204
2025-04-20 14:49:10.162 [main] DEBUG Managers.ConnectionManager - Deserializing command from byte array (length: 204)
2025-04-20 14:49:10.178 [main] DEBUG Managers.ConnectionManager - Deserialized command: Command.CommandWithArgs@2e570ded
2025-04-20 14:49:10.180 [main] DEBUG Managers.ConnectionManager - Serializing object of type: Utility.ExecutionResponse
2025-04-20 14:49:10.182 [main] DEBUG Managers.ConnectionManager - Sent object
2025-04-20 14:49:10.182 [main] INFO  Managers.ConnectionManager - Starting TCP server...
2025-04-20 15:04:01.073 [main] INFO  Managers.ConnectionManager - ConnectionManager initialized on port 1234
2025-04-20 15:04:01.074 [main] INFO  Managers.ConnectionManager - Starting TCP server...
2025-04-20 15:04:11.899 [main] INFO  Managers.ConnectionManager - Client connected: /127.0.0.1:50182
2025-04-20 15:04:17.468 [main] DEBUG Managers.ConnectionManager - Received command: 204
2025-04-20 15:04:17.468 [main] DEBUG Managers.ConnectionManager - Deserializing command from byte array (length: 204)
2025-04-20 15:04:17.484 [main] DEBUG Managers.ConnectionManager - Deserialized command: Command.CommandWithArgs@2e570ded
2025-04-20 15:04:17.485 [main] DEBUG Managers.ConnectionManager - Serializing object of type: Utility.ExecutionResponse
2025-04-20 15:04:17.487 [main] DEBUG Managers.ConnectionManager - Sent object
2025-04-20 15:04:17.487 [main] INFO  Managers.ConnectionManager - Starting TCP server...
2025-04-20 15:05:03.698 [main] INFO  Managers.ConnectionManager - ConnectionManager initialized on port 1234
2025-04-20 15:05:03.699 [main] INFO  Managers.ConnectionManager - Starting TCP server...
2025-04-20 15:05:11.720 [main] INFO  Managers.ConnectionManager - Client connected: /127.0.0.1:50216
2025-04-20 15:05:16.398 [main] DEBUG Managers.ConnectionManager - Received command: 204
2025-04-20 15:05:16.398 [main] DEBUG Managers.ConnectionManager - Deserializing command from byte array (length: 204)
2025-04-20 15:05:16.413 [main] DEBUG Managers.ConnectionManager - Deserialized command: Command.CommandWithArgs@1f760b47
2025-04-20 15:05:16.414 [main] DEBUG Managers.ConnectionManager - Serializing object of type: Utility.ExecutionResponse
2025-04-20 15:05:16.417 [main] DEBUG Managers.ConnectionManager - Sent object
2025-04-20 15:05:16.417 [main] INFO  Managers.ConnectionManager - Starting TCP server...
2025-04-20 15:15:13.934 [main] INFO  Managers.ConnectionManager - ConnectionManager initialized on port 1234
2025-04-20 15:15:13.936 [main] INFO  Managers.ConnectionManager - Starting TCP server...
2025-04-20 15:15:21.096 [main] INFO  Managers.ConnectionManager - Client connected: /127.0.0.1:49791
2025-04-20 15:15:30.952 [main] DEBUG Managers.ConnectionManager - Received command: 204
2025-04-20 15:15:30.953 [main] DEBUG Managers.ConnectionManager - Deserializing command from byte array (length: 204)
2025-04-20 15:15:30.968 [main] DEBUG Managers.ConnectionManager - Deserialized command: Command.CommandWithArgs@21d03963
2025-04-20 15:15:30.970 [main] DEBUG Managers.ConnectionManager - Serializing object of type: Utility.ExecutionResponse
2025-04-20 15:15:30.971 [main] DEBUG Managers.ConnectionManager - Sent object
2025-04-20 15:15:30.971 [main] INFO  Managers.ConnectionManager - Starting TCP server...
2025-04-20 15:20:10.702 [main] INFO  Managers.ConnectionManager - Client connected: /127.0.0.1:49912
2025-04-20 15:20:16.156 [main] DEBUG Managers.ConnectionManager - Received command: 204
2025-04-20 15:20:16.156 [main] DEBUG Managers.ConnectionManager - Deserializing command from byte array (length: 204)
2025-04-20 15:20:16.157 [main] DEBUG Managers.ConnectionManager - Deserialized command: Command.CommandWithArgs@1787f2a0
2025-04-20 15:20:16.158 [main] DEBUG Managers.ConnectionManager - Serializing object of type: Utility.ExecutionResponse
2025-04-20 15:20:16.158 [main] DEBUG Managers.ConnectionManager - Sent object
2025-04-20 15:20:16.158 [main] INFO  Managers.ConnectionManager - Starting TCP server...
2025-04-20 15:22:28.115 [main] INFO  Managers.ConnectionManager - ConnectionManager initialized on port 1234
2025-04-20 15:22:28.117 [main] INFO  Managers.ConnectionManager - Starting TCP server...
2025-04-20 15:22:37.435 [main] INFO  Managers.ConnectionManager - ConnectionManager initialized on port 1234
2025-04-20 15:22:37.438 [main] INFO  Managers.ConnectionManager - Starting TCP server...
2025-04-20 15:22:41.084 [main] INFO  Managers.ConnectionManager - ConnectionManager initialized on port 1234
2025-04-20 15:22:41.086 [main] INFO  Managers.ConnectionManager - Starting TCP server...
2025-04-20 15:22:44.235 [main] INFO  Managers.ConnectionManager - Client connected: /127.0.0.1:49953
2025-04-20 15:22:47.280 [main] DEBUG Managers.ConnectionManager - Received command: 204
2025-04-20 15:22:47.280 [main] DEBUG Managers.ConnectionManager - Deserializing command from byte array (length: 204)
2025-04-20 15:22:47.296 [main] DEBUG Managers.ConnectionManager - Deserialized command: Command.CommandWithArgs@21d03963
2025-04-20 15:22:47.298 [main] DEBUG Managers.ConnectionManager - Serializing object of type: Utility.ExecutionResponse
2025-04-20 15:22:47.300 [main] DEBUG Managers.ConnectionManager - Sent object
2025-04-20 15:22:47.300 [main] INFO  Managers.ConnectionManager - Starting TCP server...
2025-04-20 15:24:47.602 [main] INFO  Managers.ConnectionManager - Client connected: /127.0.0.1:50153
2025-04-20 15:25:07.625 [main] INFO  Managers.ConnectionManager - ConnectionManager initialized on port 1234
2025-04-20 15:25:07.626 [main] INFO  Managers.ConnectionManager - Starting TCP server...
2025-04-20 15:26:29.856 [main] INFO  Managers.ConnectionManager - ConnectionManager initialized on port 1234
2025-04-20 15:26:29.858 [main] INFO  Managers.ConnectionManager - Starting TCP server...
2025-04-20 15:26:32.657 [main] INFO  Managers.ConnectionManager - Client connected: /127.0.0.1:50219
2025-04-20 15:26:36.737 [main] DEBUG Managers.ConnectionManager - Received command: 204
2025-04-20 15:26:36.737 [main] DEBUG Managers.ConnectionManager - Deserializing command from byte array (length: 204)
2025-04-20 15:26:36.753 [main] DEBUG Managers.ConnectionManager - Deserialized command: Command.CommandWithArgs@21d03963
2025-04-20 15:26:36.754 [main] DEBUG Managers.ConnectionManager - Serializing object of type: Utility.ExecutionResponse
2025-04-20 15:26:36.757 [main] DEBUG Managers.ConnectionManager - Sent object
2025-04-20 15:26:36.757 [main] INFO  Managers.ConnectionManager - Starting TCP server...
2025-04-20 15:26:54.748 [main] INFO  Managers.ConnectionManager - ConnectionManager initialized on port 1234
2025-04-20 15:26:54.750 [main] INFO  Managers.ConnectionManager - Starting TCP server...
2025-04-20 15:26:58.206 [main] INFO  Managers.ConnectionManager - Client connected: /127.0.0.1:50229
2025-04-20 15:27:59.785 [main] ERROR Managers.ConnectionManager - Receiving error: Connection reset
2025-04-20 15:28:20.476 [main] INFO  Managers.ConnectionManager - ConnectionManager initialized on port 1234
2025-04-20 15:28:20.477 [main] INFO  Managers.ConnectionManager - Starting TCP server...
2025-04-20 15:28:37.726 [main] INFO  Managers.ConnectionManager - Client connected: /127.0.0.1:50266
2025-04-20 15:28:43.068 [main] DEBUG Managers.ConnectionManager - Received command: 204
2025-04-20 15:28:43.068 [main] DEBUG Managers.ConnectionManager - Deserializing command from byte array (length: 204)
2025-04-20 15:28:43.084 [main] DEBUG Managers.ConnectionManager - Deserialized command: Command.CommandWithArgs@21d03963
2025-04-20 15:28:43.084 [main] DEBUG Managers.ConnectionManager - Serializing object of type: Utility.ExecutionResponse
2025-04-20 15:28:43.087 [main] DEBUG Managers.ConnectionManager - Sent object
2025-04-20 15:28:43.087 [main] INFO  Managers.ConnectionManager - Starting TCP server...
2025-04-20 15:28:52.990 [main] INFO  Managers.ConnectionManager - ConnectionManager initialized on port 1234
2025-04-20 15:28:52.992 [main] INFO  Managers.ConnectionManager - Starting TCP server...
2025-04-20 15:28:55.162 [main] INFO  Managers.ConnectionManager - Client connected: /127.0.0.1:50276
2025-04-20 15:30:11.413 [main] ERROR Managers.ConnectionManager - Receiving error: Connection reset
2025-04-20 15:30:19.598 [main] INFO  Managers.ConnectionManager - ConnectionManager initialized on port 1234
2025-04-20 15:30:19.599 [main] INFO  Managers.ConnectionManager - Starting TCP server...
2025-04-20 15:30:21.858 [main] INFO  Managers.ConnectionManager - Client connected: /127.0.0.1:50308
2025-04-20 15:30:26.533 [main] DEBUG Managers.ConnectionManager - Received command: 204
2025-04-20 15:30:26.533 [main] DEBUG Managers.ConnectionManager - Deserializing command from byte array (length: 204)
2025-04-20 15:30:26.548 [main] DEBUG Managers.ConnectionManager - Deserialized command: Command.CommandWithArgs@21d03963
2025-04-20 15:30:26.550 [main] DEBUG Managers.ConnectionManager - Serializing object of type: Utility.ExecutionResponse
2025-04-20 15:30:26.552 [main] DEBUG Managers.ConnectionManager - Sent object
2025-04-20 15:30:26.552 [main] INFO  Managers.ConnectionManager - Starting TCP server...
2025-04-20 15:30:41.735 [main] INFO  Managers.ConnectionManager - ConnectionManager initialized on port 1234
2025-04-20 15:30:41.736 [main] INFO  Managers.ConnectionManager - Starting TCP server...
2025-04-20 15:30:43.278 [main] INFO  Managers.ConnectionManager - Client connected: /127.0.0.1:50316
2025-04-20 15:30:46.698 [main] DEBUG Managers.ConnectionManager - Received command: 204
2025-04-20 15:30:46.698 [main] DEBUG Managers.ConnectionManager - Deserializing command from byte array (length: 204)
2025-04-20 15:30:46.713 [main] DEBUG Managers.ConnectionManager - Deserialized command: Command.CommandWithArgs@21d03963
2025-04-20 15:30:46.714 [main] DEBUG Managers.ConnectionManager - Serializing object of type: Utility.ExecutionResponse
2025-04-20 15:30:46.717 [main] DEBUG Managers.ConnectionManager - Sent object
2025-04-20 15:30:46.717 [main] INFO  Managers.ConnectionManager - Starting TCP server...
2025-04-20 21:41:40.898 [main] INFO  Managers.ConnectionManager - Connected to database!
2025-04-20 21:41:49.232 [main] INFO  Managers.ConnectionManager - Connected to database!
2025-04-20 21:42:20.965 [main] INFO  Managers.DbManager - Connected to database!
2025-04-20 21:43:08.128 [main] INFO  Managers.DbManager - Connected to database!
2025-04-20 21:43:20.719 [main] INFO  Managers.DbManager - Connected to database!
2025-04-20 21:44:24.941 [main] INFO  Managers.DbManager - Connected to database!
2025-04-20 21:44:38.181 [main] INFO  Managers.DbManager - Connected to database!
2025-04-20 21:45:01.292 [main] INFO  Managers.DbManager - Connected to database!
2025-04-20 21:45:19.989 [main] INFO  Managers.DbManager - Connected to database!
2025-04-20 21:46:32.733 [main] INFO  Managers.DbManager - Connected to database!
2025-04-20 21:47:03.333 [main] INFO  Managers.DbManager - Connected to database!
2025-04-20 21:49:07.828 [main] INFO  Managers.DbManager - Connected to database PostgreSQL!
2025-04-20 21:50:18.296 [main] INFO  Managers.DbManager - Connected to database PostgreSQL!
2025-04-20 21:50:27.904 [main] INFO  Managers.DbManager - Connected to database PostgreSQL!
2025-04-20 21:52:24.329 [main] INFO  Managers.DbManager - Connected to database PostgreSQL!
2025-04-20 21:52:48.850 [main] INFO  Managers.ConnectionManager - Connected to database PostgreSQL!
