2025-05-26 16:30:28.550 [main] INFO  Managers.ConnectionManager - Successfully connected to database: PostgreSQL!
2025-05-26 16:30:28.671 [main] INFO  Managers.ConnectionManager - Successfully loaded 1 routes from the database
2025-05-26 16:30:28.675 [main] ERROR Managers.ConnectionManager - Failed to create server socket on port 1234: Address already in use: bind
2025-05-26 16:30:44.189 [main] INFO  Managers.ConnectionManager - Successfully connected to database: PostgreSQL!
2025-05-26 16:30:44.308 [main] INFO  Managers.ConnectionManager - Successfully loaded 1 routes from the database
2025-05-26 16:31:00.917 [Thread-0] INFO  Managers.ConnectionManager - New client connected from: /127.0.0.1:49979
2025-05-26 16:31:00.929 [Thread-0] DEBUG Managers.ConnectionManager - Successfully received 228 bytes
2025-05-26 16:31:00.930 [Thread-0] DEBUG Managers.ConnectionManager - Deserializing 228 bytes into class Command.CommandWithArgs
2025-05-26 16:31:00.932 [Thread-0] ERROR Managers.ConnectionManager - Deserialized object type mismatch. Expected: Command.CommandWithArgs, Got: Authentication.User
2025-05-26 16:31:00.933 [Thread-0] DEBUG Managers.ConnectionManager - Deserializing 228 bytes into class Authentication.User
2025-05-26 16:31:00.933 [Thread-0] DEBUG Managers.ConnectionManager - Successfully deserialized object: Authentication.User@1eeca7d0
2025-05-26 16:31:01.046 [Thread-0] INFO  Managers.AuthorizationManager - User sh_ub already exists, attempting login
2025-05-26 16:31:01.164 [Thread-0] INFO  Managers.AuthorizationManager - User sh_ub successfully logged in
2025-05-26 16:31:01.165 [Thread-0] DEBUG Managers.ConnectionManager - Serializing object of type: Utility.ExecutionResponse
2025-05-26 16:31:01.168 [Thread-0] DEBUG Managers.ConnectionManager - Successfully serialized object, size: 125 bytes
2025-05-26 16:31:01.168 [Thread-0] DEBUG Managers.ConnectionManager - Successfully sent 125 bytes
2025-05-26 16:31:03.362 [Thread-1] INFO  Managers.ConnectionManager - New client connected from: /127.0.0.1:49983
2025-05-26 16:31:03.366 [Thread-1] DEBUG Managers.ConnectionManager - Successfully received 443 bytes
2025-05-26 16:31:03.366 [Thread-1] DEBUG Managers.ConnectionManager - Deserializing 443 bytes into class Command.CommandWithArgs
2025-05-26 16:31:03.367 [Thread-1] DEBUG Managers.ConnectionManager - Successfully deserialized object: Command.CommandWithArgs@7d458695
2025-05-26 16:31:03.373 [pool-1-thread-1] DEBUG Managers.ConnectionManager - Serializing object of type: Utility.ExecutionResponse
2025-05-26 16:31:03.373 [pool-1-thread-1] DEBUG Managers.ConnectionManager - Successfully serialized object, size: 266 bytes
2025-05-26 16:31:03.374 [pool-1-thread-1] DEBUG Managers.ConnectionManager - Successfully sent 266 bytes
2025-05-26 16:31:10.790 [Thread-2] INFO  Managers.ConnectionManager - New client connected from: /127.0.0.1:50001
2025-05-26 16:31:16.003 [Thread-2] DEBUG Managers.ConnectionManager - Successfully received 1117 bytes
2025-05-26 16:31:16.003 [Thread-2] DEBUG Managers.ConnectionManager - Deserializing 1117 bytes into class Command.CommandWithArgs
2025-05-26 16:31:16.008 [Thread-2] DEBUG Managers.ConnectionManager - Successfully deserialized object: Command.CommandWithArgs@23aba8fd
2025-05-26 16:31:16.137 [ForkJoinPool-1-worker-1] DEBUG Managers.ConnectionManager - Successfully added coordinates (5.0, 4.0) with ID 4
2025-05-26 16:31:16.256 [ForkJoinPool-1-worker-1] DEBUG Managers.ConnectionManager - Successfully added location 5 with ID 7
2025-05-26 16:31:16.382 [ForkJoinPool-1-worker-1] DEBUG Managers.ConnectionManager - Successfully added location 5 with ID 8
2025-05-26 16:31:16.506 [ForkJoinPool-1-worker-1] INFO  Managers.ConnectionManager - Successfully added route with ID 2 and name 34
2025-05-26 16:31:16.632 [ForkJoinPool-1-worker-1] INFO  Managers.ConnectionManager - Successfully set owner sh_ub for route with ID 2
2025-05-26 16:31:16.632 [pool-1-thread-2] DEBUG Managers.ConnectionManager - Serializing object of type: Utility.ExecutionResponse
2025-05-26 16:31:16.632 [pool-1-thread-2] DEBUG Managers.ConnectionManager - Successfully serialized object, size: 128 bytes
2025-05-26 16:31:16.633 [pool-1-thread-2] DEBUG Managers.ConnectionManager - Successfully sent 128 bytes
2025-05-26 16:31:19.473 [Thread-3] INFO  Managers.ConnectionManager - New client connected from: /127.0.0.1:50002
2025-05-26 16:31:19.474 [Thread-3] DEBUG Managers.ConnectionManager - Successfully received 443 bytes
2025-05-26 16:31:19.474 [Thread-3] DEBUG Managers.ConnectionManager - Deserializing 443 bytes into class Command.CommandWithArgs
2025-05-26 16:31:19.474 [Thread-3] DEBUG Managers.ConnectionManager - Successfully deserialized object: Command.CommandWithArgs@651e9131
2025-05-26 16:31:19.475 [pool-1-thread-3] DEBUG Managers.ConnectionManager - Serializing object of type: Utility.ExecutionResponse
2025-05-26 16:31:19.475 [pool-1-thread-3] DEBUG Managers.ConnectionManager - Successfully serialized object, size: 448 bytes
2025-05-26 16:31:19.475 [pool-1-thread-3] DEBUG Managers.ConnectionManager - Successfully sent 448 bytes
